[j.marals-power.com/index.html]
[backblue.gif]
[fade.gif]
[index.html]
[infocdn.org/img/products_new/860.png]
[j.marals-power.com/files/maral_power_11/css/stylee4da.css]
[infocdn-test.com/files/_js/ab.min.js]
[infocdn-test.com/files/_js/validation.js]
[j.marals-power.com/files/maral_power_11/js/script.js]
[j.marals-power.com/files/_blocks/notificators/unload_submit1679.js]
[j.marals-power.com/files/_blocks/maral_banners/css/style.css]
[j.marals-power.com/files/_blocks/maral_banners/js/script.js]
[j.marals-power.com/files/_blocks/notificators/funcc9f0.js]
[j.marals-power.com/files/maral_power_11/img/banka-2.png]
[j.marals-power.com/files/maral_power_11/img/doc.jpg]
[j.marals-power.com/files/_blocks/copyright/img/rekv.png]
[j.marals-power.com/files/_blocks/copyright/img/logo.jpg]
[infocdn-test.com/files/_js/jquery-1.10.2.min.js]
[j.marals-power.com/index.html]
[j.marals-power.com/privacypolicy.html]
[j.marals-power.com/files/maral_power_11/img/bg-grey.jpg]
[j.marals-power.com/files/maral_power_11/img/button.png]
[j.marals-power.com/files/maral_power_11/img/timer-bg.png]
[j.marals-power.com/files/maral_power_11/img/top-1920.jpg]
[j.marals-power.com/files/maral_power_11/img/alert.png]
[j.marals-power.com/files/maral_power_11/img/icons.png]
[j.marals-power.com/files/maral_power_11/img/list-right.jpg]
[j.marals-power.com/files/maral_power_11/img/list-top.jpg]
[j.marals-power.com/files/maral_power_11/img/sostav.png]
[j.marals-power.com/files/maral_power_11/img/flag.png]
[j.marals-power.com/files/maral_power_11/img/rew-pic.jpg]
[j.marals-power.com/files/maral_power_11/img/doc-icon.png]
[j.marals-power.com/files/maral_power_11/img/deliv-icon.png]
[j.marals-power.com/files/maral_power_11/img/top-650.jpg]
[j.marals-power.com/files/maral_power_11/img/top-320.jpg]
[j.marals-power.com/files/maral_power_11/css/stylee4da.css]
[j.marals-power.com/files/_blocks/maral_banners/css/style.css]
[j.marals-power.com/files/_default/privacypolicy/RU/css/style.css]
[j.marals-power.com/privacypolicy.html]
[j.marals-power.com/files/_default/privacypolicy/RU/img/bg.png]
[j.marals-power.com/files/_default/privacypolicy/RU/css/style.css]
